warning: binary `bridge_handles` should have a kebab-case name
   |
 1 | /home/ther12k/Workspace/Learning/velqu/fuzz/target/.../bridge_handles
   |                                                        ^^^^^^^^^^^^^^
   |
   = note: `cargo::non_kebab_case_bins` is set to `warn` by default
help: to change the binary name to `bridge-handles`, convert `bin.name`
  --> Cargo.toml:60:8
   |
60 - name = "bridge_handles"
60 + name = "bridge-handles"
   |
warning: binary `capabilities_policy` should have a kebab-case name
   |
 1 | /home/ther12k/Workspace/Learning/velqu/fuzz/target/.../capabilities_policy
   |                                                        ^^^^^^^^^^^^^^^^^^^
   |
help: to change the binary name to `capabilities-policy`, convert `bin.name`
  --> Cargo.toml:74:8
   |
74 - name = "capabilities_policy"
74 + name = "capabilities-policy"
   |
warning: binary `codec_encoders` should have a kebab-case name
   |
 1 | /home/ther12k/Workspace/Learning/velqu/fuzz/target/.../codec_encoders
   |                                                        ^^^^^^^^^^^^^^
   |
help: to change the binary name to `codec-encoders`, convert `bin.name`
  --> Cargo.toml:67:8
   |
67 - name = "codec_encoders"
67 + name = "codec-encoders"
   |
warning: binary `http_decode` should have a kebab-case name
   |
 1 | /home/ther12k/Workspace/Learning/velqu/fuzz/target/.../http_decode
   |                                                        ^^^^^^^^^^^
   |
help: to change the binary name to `http-decode`, convert `bin.name`
  --> Cargo.toml:46:8
   |
46 - name = "http_decode"
46 + name = "http-decode"
   |
warning: binary `pack_verify` should have a kebab-case name
   |
 1 | /home/ther12k/Workspace/Learning/velqu/fuzz/target/.../pack_verify
   |                                                        ^^^^^^^^^^^
   |
help: to change the binary name to `pack-verify`, convert `bin.name`
  --> Cargo.toml:32:8
   |
32 - name = "pack_verify"
32 + name = "pack-verify"
   |
warning: binary `router_match` should have a kebab-case name
   |
 1 | /home/ther12k/Workspace/Learning/velqu/fuzz/target/.../router_match
   |                                                        ^^^^^^^^^^^^
   |
help: to change the binary name to `router-match`, convert `bin.name`
  --> Cargo.toml:39:8
   |
39 - name = "router_match"
39 + name = "router-match"
   |
warning: binary `schema_validate` should have a kebab-case name
   |
 1 | /home/ther12k/Workspace/Learning/velqu/fuzz/target/.../schema_validate
   |                                                        ^^^^^^^^^^^^^^^
   |
help: to change the binary name to `schema-validate`, convert `bin.name`
  --> Cargo.toml:53:8
   |
53 - name = "schema_validate"
53 + name = "schema-validate"
   |
warning: `velqu-runtime-fuzz` (manifest) generated 7 warnings
warning: use of deprecated method `std::sync::atomic::Atomic::<u64>::fetch_update`: renamed to `try_update` for consistency
  --> /home/ther12k/Workspace/Learning/velqu/crates/q-capabilities/src/drain.rs:77:18
   |
77 |                 .fetch_update(Ordering::Relaxed, Ordering::Relaxed, |v| v.checked_add(1));
   |                  ^^^^^^^^^^^^
   |
   = note: `#[warn(deprecated)]` on by default
help: replace the use of the deprecated method
   |
77 -                 .fetch_update(Ordering::Relaxed, Ordering::Relaxed, |v| v.checked_add(1));
77 +                 .try_update(Ordering::Relaxed, Ordering::Relaxed, |v| v.checked_add(1));
   |

warning: use of deprecated method `std::sync::atomic::Atomic::<u64>::fetch_update`: renamed to `try_update` for consistency
   --> /home/ther12k/Workspace/Learning/velqu/crates/q-capabilities/src/load_shed.rs:199:14
    |
199 |             .fetch_update(Ordering::Relaxed, Ordering::Relaxed, |v| v.checked_add(1))
    |              ^^^^^^^^^^^^
    |
help: replace the use of the deprecated method
    |
199 -             .fetch_update(Ordering::Relaxed, Ordering::Relaxed, |v| v.checked_add(1))
199 +             .try_update(Ordering::Relaxed, Ordering::Relaxed, |v| v.checked_add(1))
    |

warning: `q-capabilities` (lib) generated 2 warnings (run `cargo fix --lib -p q-capabilities` to apply 2 suggestions)
   Compiling velqu-runtime-fuzz v0.0.0 (/home/ther12k/Workspace/Learning/velqu/fuzz)
    Finished `release` profile [optimized + debuginfo] target(s) in 1.22s
warning: binary `bridge_handles` should have a kebab-case name
   |
 1 | /home/ther12k/Workspace/Learning/velqu/fuzz/target/.../bridge_handles
   |                                                        ^^^^^^^^^^^^^^
   |
   = note: `cargo::non_kebab_case_bins` is set to `warn` by default
help: to change the binary name to `bridge-handles`, convert `bin.name`
  --> Cargo.toml:60:8
   |
60 - name = "bridge_handles"
60 + name = "bridge-handles"
   |
warning: binary `capabilities_policy` should have a kebab-case name
   |
 1 | /home/ther12k/Workspace/Learning/velqu/fuzz/target/.../capabilities_policy
   |                                                        ^^^^^^^^^^^^^^^^^^^
   |
help: to change the binary name to `capabilities-policy`, convert `bin.name`
  --> Cargo.toml:74:8
   |
74 - name = "capabilities_policy"
74 + name = "capabilities-policy"
   |
warning: binary `codec_encoders` should have a kebab-case name
   |
 1 | /home/ther12k/Workspace/Learning/velqu/fuzz/target/.../codec_encoders
   |                                                        ^^^^^^^^^^^^^^
   |
help: to change the binary name to `codec-encoders`, convert `bin.name`
  --> Cargo.toml:67:8
   |
67 - name = "codec_encoders"
67 + name = "codec-encoders"
   |
warning: binary `http_decode` should have a kebab-case name
   |
 1 | /home/ther12k/Workspace/Learning/velqu/fuzz/target/.../http_decode
   |                                                        ^^^^^^^^^^^
   |
help: to change the binary name to `http-decode`, convert `bin.name`
  --> Cargo.toml:46:8
   |
46 - name = "http_decode"
46 + name = "http-decode"
   |
warning: binary `pack_verify` should have a kebab-case name
   |
 1 | /home/ther12k/Workspace/Learning/velqu/fuzz/target/.../pack_verify
   |                                                        ^^^^^^^^^^^
   |
help: to change the binary name to `pack-verify`, convert `bin.name`
  --> Cargo.toml:32:8
   |
32 - name = "pack_verify"
32 + name = "pack-verify"
   |
warning: binary `router_match` should have a kebab-case name
   |
 1 | /home/ther12k/Workspace/Learning/velqu/fuzz/target/.../router_match
   |                                                        ^^^^^^^^^^^^
   |
help: to change the binary name to `router-match`, convert `bin.name`
  --> Cargo.toml:39:8
   |
39 - name = "router_match"
39 + name = "router-match"
   |
warning: binary `schema_validate` should have a kebab-case name
   |
 1 | /home/ther12k/Workspace/Learning/velqu/fuzz/target/.../schema_validate
   |                                                        ^^^^^^^^^^^^^^^
   |
help: to change the binary name to `schema-validate`, convert `bin.name`
  --> Cargo.toml:53:8
   |
53 - name = "schema_validate"
53 + name = "schema-validate"
   |
warning: `velqu-runtime-fuzz` (manifest) generated 7 warnings
warning: use of deprecated method `std::sync::atomic::Atomic::<u64>::fetch_update`: renamed to `try_update` for consistency
  --> /home/ther12k/Workspace/Learning/velqu/crates/q-capabilities/src/drain.rs:77:18
   |
77 |                 .fetch_update(Ordering::Relaxed, Ordering::Relaxed, |v| v.checked_add(1));
   |                  ^^^^^^^^^^^^
   |
   = note: `#[warn(deprecated)]` on by default
help: replace the use of the deprecated method
   |
77 -                 .fetch_update(Ordering::Relaxed, Ordering::Relaxed, |v| v.checked_add(1));
77 +                 .try_update(Ordering::Relaxed, Ordering::Relaxed, |v| v.checked_add(1));
   |

warning: use of deprecated method `std::sync::atomic::Atomic::<u64>::fetch_update`: renamed to `try_update` for consistency
   --> /home/ther12k/Workspace/Learning/velqu/crates/q-capabilities/src/load_shed.rs:199:14
    |
199 |             .fetch_update(Ordering::Relaxed, Ordering::Relaxed, |v| v.checked_add(1))
    |              ^^^^^^^^^^^^
    |
help: replace the use of the deprecated method
    |
199 -             .fetch_update(Ordering::Relaxed, Ordering::Relaxed, |v| v.checked_add(1))
199 +             .try_update(Ordering::Relaxed, Ordering::Relaxed, |v| v.checked_add(1))
    |

warning: `q-capabilities` (lib) generated 2 warnings (run `cargo fix --lib -p q-capabilities` to apply 2 suggestions)
    Finished `release` profile [optimized + debuginfo] target(s) in 0.11s
     Running `fuzz/target/x86_64-unknown-linux-gnu/release/bridge_handles -artifact_prefix=/home/ther12k/Workspace/Learning/velqu/fuzz/artifacts/bridge_handles/ -max_total_time=900 -rss_limit_mb=4096 -seed=1789214776 -print_final_stats=1 /home/ther12k/Workspace/Learning/velqu/fuzz/corpus/bridge_handles`
INFO: Running with entropic power schedule (0xFF, 100).
INFO: Seed: 1789214776
INFO: Loaded 1 modules   (1322 inline 8-bit counters): 1322 [0x5764ad51ca90, 0x5764ad51cfba), 
INFO: Loaded 1 PC tables (1322 PCs): 1322 [0x5764ad51cfc0,0x5764ad522260), 
INFO:      129 files found in /home/ther12k/Workspace/Learning/velqu/fuzz/corpus/bridge_handles
INFO: -max_len is not provided; libFuzzer will not generate inputs larger than 4096 bytes
INFO: seed corpus: files: 129 min: 1b max: 406b total: 18184b rss: 38Mb
#133	INITED cov: 125 ft: 538 corp: 62/3174b exec/s: 0 rss: 38Mb
#16384	pulse  cov: 125 ft: 538 corp: 62/3174b lim: 423 exec/s: 8192 rss: 198Mb
#32768	pulse  cov: 125 ft: 538 corp: 62/3174b lim: 582 exec/s: 8192 rss: 363Mb
#65536	pulse  cov: 125 ft: 538 corp: 62/3174b lim: 906 exec/s: 9362 rss: 605Mb
#105445	REDUCE cov: 125 ft: 538 corp: 62/3172b lim: 1302 exec/s: 9585 rss: 606Mb L: 64/263 MS: 2 CMP-EraseBytes- DE: "\001\000"-
#131072	pulse  cov: 125 ft: 538 corp: 62/3172b lim: 1552 exec/s: 9362 rss: 606Mb
#262144	pulse  cov: 125 ft: 538 corp: 62/3172b lim: 2855 exec/s: 10485 rss: 606Mb
#519352	REDUCE cov: 125 ft: 538 corp: 62/3171b lim: 4096 exec/s: 9799 rss: 606Mb L: 262/262 MS: 2 InsertByte-EraseBytes-
#524288	pulse  cov: 125 ft: 538 corp: 62/3171b lim: 4096 exec/s: 9892 rss: 606Mb
#884878	REDUCE cov: 125 ft: 538 corp: 62/3169b lim: 4096 exec/s: 10171 rss: 606Mb L: 64/262 MS: 1 EraseBytes-
#1048576	pulse  cov: 125 ft: 538 corp: 62/3169b lim: 4096 exec/s: 10280 rss: 606Mb
#1904107	REDUCE cov: 125 ft: 538 corp: 62/3167b lim: 4096 exec/s: 11610 rss: 607Mb L: 129/262 MS: 4 CopyPart-CopyPart-ShuffleBytes-EraseBytes-
#2097152	pulse  cov: 125 ft: 538 corp: 62/3167b lim: 4096 exec/s: 11650 rss: 607Mb
#2205859	REDUCE cov: 125 ft: 538 corp: 62/3166b lim: 4096 exec/s: 11671 rss: 607Mb L: 261/262 MS: 2 ChangeBinInt-EraseBytes-
#3058336	REDUCE cov: 125 ft: 538 corp: 62/3165b lim: 4096 exec/s: 11454 rss: 607Mb L: 64/262 MS: 2 ShuffleBytes-EraseBytes-
#3445208	REDUCE cov: 125 ft: 538 corp: 62/3164b lim: 4096 exec/s: 11445 rss: 607Mb L: 258/262 MS: 2 EraseBytes-InsertByte-
#3659570	REDUCE cov: 125 ft: 538 corp: 62/3163b lim: 4096 exec/s: 11400 rss: 607Mb L: 260/262 MS: 2 CopyPart-EraseBytes-
#3739216	REDUCE cov: 125 ft: 538 corp: 62/3162b lim: 4096 exec/s: 11400 rss: 607Mb L: 259/262 MS: 1 EraseBytes-
#3898011	REDUCE cov: 125 ft: 538 corp: 62/3161b lim: 4096 exec/s: 11431 rss: 607Mb L: 258/262 MS: 4 EraseBytes-CopyPart-InsertByte-EraseBytes-
#4194304	pulse  cov: 125 ft: 538 corp: 62/3161b lim: 4096 exec/s: 11459 rss: 607Mb
#6506239	REDUCE cov: 125 ft: 538 corp: 62/3159b lim: 4096 exec/s: 11334 rss: 607Mb L: 260/260 MS: 2 EraseBytes-ShuffleBytes-
#8388608	pulse  cov: 125 ft: 538 corp: 62/3159b lim: 4096 exec/s: 11290 rss: 607Mb
#9438126	REDUCE cov: 125 ft: 538 corp: 62/3158b lim: 4096 exec/s: 11330 rss: 607Mb L: 257/260 MS: 2 CopyPart-EraseBytes-
#9536296	REDUCE cov: 125 ft: 538 corp: 62/3157b lim: 4096 exec/s: 11366 rss: 607Mb L: 256/260 MS: 5 ChangeByte-ChangeBinInt-CopyPart-EraseBytes-CopyPart-
#10211772	DONE   cov: 125 ft: 538 corp: 62/3157b lim: 4096 exec/s: 11333 rss: 608Mb
###### Recommended dictionary. ######
"\001\000" # Uses: 961052
###### End of recommended dictionary. ######
Done 10211772 runs in 901 second(s)
stat::number_of_executed_units: 10211772
stat::average_exec_per_sec:     11333
stat::new_units_added:          13
stat::slowest_unit_time_sec:    0
stat::peak_rss_mb:              608
