warning: binary `bridge_handles` should have a kebab-case name
   |
 1 | /home/ther12k/Workspace/Learning/velqu-worktrees/rc1-qual-a/fuzz/target/.../bridge_handles
   |                                                                             ^^^^^^^^^^^^^^
   |
   = note: `cargo::non_kebab_case_bins` is set to `warn` by default
help: to change the binary name to `bridge-handles`, convert `bin.name`
  --> Cargo.toml:60:8
   |
60 - name = "bridge_handles"
60 + name = "bridge-handles"
   |
warning: binary `capabilities_policy` should have a kebab-case name
   |
 1 | /home/ther12k/Workspace/Learning/velqu-worktrees/rc1-qual-a/fuzz/target/.../capabilities_policy
   |                                                                             ^^^^^^^^^^^^^^^^^^^
   |
help: to change the binary name to `capabilities-policy`, convert `bin.name`
  --> Cargo.toml:74:8
   |
74 - name = "capabilities_policy"
74 + name = "capabilities-policy"
   |
warning: binary `codec_encoders` should have a kebab-case name
   |
 1 | /home/ther12k/Workspace/Learning/velqu-worktrees/rc1-qual-a/fuzz/target/.../codec_encoders
   |                                                                             ^^^^^^^^^^^^^^
   |
help: to change the binary name to `codec-encoders`, convert `bin.name`
  --> Cargo.toml:67:8
   |
67 - name = "codec_encoders"
67 + name = "codec-encoders"
   |
warning: binary `http_decode` should have a kebab-case name
   |
 1 | /home/ther12k/Workspace/Learning/velqu-worktrees/rc1-qual-a/fuzz/target/.../http_decode
   |                                                                             ^^^^^^^^^^^
   |
help: to change the binary name to `http-decode`, convert `bin.name`
  --> Cargo.toml:46:8
   |
46 - name = "http_decode"
46 + name = "http-decode"
   |
warning: binary `pack_verify` should have a kebab-case name
   |
 1 | /home/ther12k/Workspace/Learning/velqu-worktrees/rc1-qual-a/fuzz/target/.../pack_verify
   |                                                                             ^^^^^^^^^^^
   |
help: to change the binary name to `pack-verify`, convert `bin.name`
  --> Cargo.toml:32:8
   |
32 - name = "pack_verify"
32 + name = "pack-verify"
   |
warning: binary `router_match` should have a kebab-case name
   |
 1 | /home/ther12k/Workspace/Learning/velqu-worktrees/rc1-qual-a/fuzz/target/.../router_match
   |                                                                             ^^^^^^^^^^^^
   |
help: to change the binary name to `router-match`, convert `bin.name`
  --> Cargo.toml:39:8
   |
39 - name = "router_match"
39 + name = "router-match"
   |
warning: binary `schema_validate` should have a kebab-case name
   |
 1 | /home/ther12k/Workspace/Learning/velqu-worktrees/rc1-qual-a/fuzz/target/.../schema_validate
   |                                                                             ^^^^^^^^^^^^^^^
   |
help: to change the binary name to `schema-validate`, convert `bin.name`
  --> Cargo.toml:53:8
   |
53 - name = "schema_validate"
53 + name = "schema-validate"
   |
warning: `velqu-runtime-fuzz` (manifest) generated 7 warnings
warning: use of deprecated method `std::sync::atomic::Atomic::<u64>::fetch_update`: renamed to `try_update` for consistency
  --> /home/ther12k/Workspace/Learning/velqu-worktrees/rc1-qual-a/crates/q-capabilities/src/drain.rs:77:18
   |
77 |                 .fetch_update(Ordering::Relaxed, Ordering::Relaxed, |v| v.checked_add(1));
   |                  ^^^^^^^^^^^^
   |
   = note: `#[warn(deprecated)]` on by default
help: replace the use of the deprecated method
   |
77 -                 .fetch_update(Ordering::Relaxed, Ordering::Relaxed, |v| v.checked_add(1));
77 +                 .try_update(Ordering::Relaxed, Ordering::Relaxed, |v| v.checked_add(1));
   |

warning: use of deprecated method `std::sync::atomic::Atomic::<u64>::fetch_update`: renamed to `try_update` for consistency
   --> /home/ther12k/Workspace/Learning/velqu-worktrees/rc1-qual-a/crates/q-capabilities/src/load_shed.rs:199:14
    |
199 |             .fetch_update(Ordering::Relaxed, Ordering::Relaxed, |v| v.checked_add(1))
    |              ^^^^^^^^^^^^
    |
help: replace the use of the deprecated method
    |
199 -             .fetch_update(Ordering::Relaxed, Ordering::Relaxed, |v| v.checked_add(1))
199 +             .try_update(Ordering::Relaxed, Ordering::Relaxed, |v| v.checked_add(1))
    |

warning: `q-capabilities` (lib) generated 2 warnings (run `cargo fix --lib -p q-capabilities` to apply 2 suggestions)
    Finished `release` profile [optimized + debuginfo] target(s) in 0.05s
warning: binary `bridge_handles` should have a kebab-case name
   |
 1 | /home/ther12k/Workspace/Learning/velqu-worktrees/rc1-qual-a/fuzz/target/.../bridge_handles
   |                                                                             ^^^^^^^^^^^^^^
   |
   = note: `cargo::non_kebab_case_bins` is set to `warn` by default
help: to change the binary name to `bridge-handles`, convert `bin.name`
  --> Cargo.toml:60:8
   |
60 - name = "bridge_handles"
60 + name = "bridge-handles"
   |
warning: binary `capabilities_policy` should have a kebab-case name
   |
 1 | /home/ther12k/Workspace/Learning/velqu-worktrees/rc1-qual-a/fuzz/target/.../capabilities_policy
   |                                                                             ^^^^^^^^^^^^^^^^^^^
   |
help: to change the binary name to `capabilities-policy`, convert `bin.name`
  --> Cargo.toml:74:8
   |
74 - name = "capabilities_policy"
74 + name = "capabilities-policy"
   |
warning: binary `codec_encoders` should have a kebab-case name
   |
 1 | /home/ther12k/Workspace/Learning/velqu-worktrees/rc1-qual-a/fuzz/target/.../codec_encoders
   |                                                                             ^^^^^^^^^^^^^^
   |
help: to change the binary name to `codec-encoders`, convert `bin.name`
  --> Cargo.toml:67:8
   |
67 - name = "codec_encoders"
67 + name = "codec-encoders"
   |
warning: binary `http_decode` should have a kebab-case name
   |
 1 | /home/ther12k/Workspace/Learning/velqu-worktrees/rc1-qual-a/fuzz/target/.../http_decode
   |                                                                             ^^^^^^^^^^^
   |
help: to change the binary name to `http-decode`, convert `bin.name`
  --> Cargo.toml:46:8
   |
46 - name = "http_decode"
46 + name = "http-decode"
   |
warning: binary `pack_verify` should have a kebab-case name
   |
 1 | /home/ther12k/Workspace/Learning/velqu-worktrees/rc1-qual-a/fuzz/target/.../pack_verify
   |                                                                             ^^^^^^^^^^^
   |
help: to change the binary name to `pack-verify`, convert `bin.name`
  --> Cargo.toml:32:8
   |
32 - name = "pack_verify"
32 + name = "pack-verify"
   |
warning: binary `router_match` should have a kebab-case name
   |
 1 | /home/ther12k/Workspace/Learning/velqu-worktrees/rc1-qual-a/fuzz/target/.../router_match
   |                                                                             ^^^^^^^^^^^^
   |
help: to change the binary name to `router-match`, convert `bin.name`
  --> Cargo.toml:39:8
   |
39 - name = "router_match"
39 + name = "router-match"
   |
warning: binary `schema_validate` should have a kebab-case name
   |
 1 | /home/ther12k/Workspace/Learning/velqu-worktrees/rc1-qual-a/fuzz/target/.../schema_validate
   |                                                                             ^^^^^^^^^^^^^^^
   |
help: to change the binary name to `schema-validate`, convert `bin.name`
  --> Cargo.toml:53:8
   |
53 - name = "schema_validate"
53 + name = "schema-validate"
   |
warning: `velqu-runtime-fuzz` (manifest) generated 7 warnings
warning: use of deprecated method `std::sync::atomic::Atomic::<u64>::fetch_update`: renamed to `try_update` for consistency
  --> /home/ther12k/Workspace/Learning/velqu-worktrees/rc1-qual-a/crates/q-capabilities/src/drain.rs:77:18
   |
77 |                 .fetch_update(Ordering::Relaxed, Ordering::Relaxed, |v| v.checked_add(1));
   |                  ^^^^^^^^^^^^
   |
   = note: `#[warn(deprecated)]` on by default
help: replace the use of the deprecated method
   |
77 -                 .fetch_update(Ordering::Relaxed, Ordering::Relaxed, |v| v.checked_add(1));
77 +                 .try_update(Ordering::Relaxed, Ordering::Relaxed, |v| v.checked_add(1));
   |

warning: use of deprecated method `std::sync::atomic::Atomic::<u64>::fetch_update`: renamed to `try_update` for consistency
   --> /home/ther12k/Workspace/Learning/velqu-worktrees/rc1-qual-a/crates/q-capabilities/src/load_shed.rs:199:14
    |
199 |             .fetch_update(Ordering::Relaxed, Ordering::Relaxed, |v| v.checked_add(1))
    |              ^^^^^^^^^^^^
    |
help: replace the use of the deprecated method
    |
199 -             .fetch_update(Ordering::Relaxed, Ordering::Relaxed, |v| v.checked_add(1))
199 +             .try_update(Ordering::Relaxed, Ordering::Relaxed, |v| v.checked_add(1))
    |

warning: `q-capabilities` (lib) generated 2 warnings (run `cargo fix --lib -p q-capabilities` to apply 2 suggestions)
    Finished `release` profile [optimized + debuginfo] target(s) in 0.04s
     Running `fuzz/target/x86_64-unknown-linux-gnu/release/bridge_handles -artifact_prefix=/home/ther12k/Workspace/Learning/velqu-worktrees/rc1-qual-a/fuzz/artifacts/bridge_handles/ -max_total_time=900 -rss_limit_mb=4096 -seed=1790971405 -print_final_stats=1 /home/ther12k/Workspace/Learning/velqu-worktrees/rc1-qual-a/fuzz/corpus/bridge_handles`
INFO: Running with entropic power schedule (0xFF, 100).
INFO: Seed: 1790971405
INFO: Loaded 1 modules   (1322 inline 8-bit counters): 1322 [0x5bda32d85c50, 0x5bda32d8617a), 
INFO: Loaded 1 PC tables (1322 PCs): 1322 [0x5bda32d86180,0x5bda32d8b420), 
INFO:       71 files found in /home/ther12k/Workspace/Learning/velqu-worktrees/rc1-qual-a/fuzz/corpus/bridge_handles
INFO: -max_len is not provided; libFuzzer will not generate inputs larger than 4096 bytes
INFO: seed corpus: files: 71 min: 4b max: 268b total: 3844b rss: 37Mb
#76	INITED cov: 125 ft: 537 corp: 59/3390b exec/s: 0 rss: 37Mb
#128	REDUCE cov: 125 ft: 537 corp: 59/3382b lim: 268 exec/s: 0 rss: 37Mb L: 260/260 MS: 2 ChangeBit-EraseBytes-
#175	NEW    cov: 126 ft: 539 corp: 60/3385b lim: 268 exec/s: 0 rss: 38Mb L: 3/260 MS: 2 InsertByte-EraseBytes-
#237	REDUCE cov: 126 ft: 539 corp: 60/3384b lim: 268 exec/s: 0 rss: 38Mb L: 2/260 MS: 2 ChangeByte-EraseBytes-
#2069	REDUCE cov: 126 ft: 539 corp: 60/3383b lim: 284 exec/s: 0 rss: 61Mb L: 1/260 MS: 2 ShuffleBytes-EraseBytes-
#2915	REDUCE cov: 126 ft: 539 corp: 60/3236b lim: 292 exec/s: 0 rss: 69Mb L: 113/258 MS: 1 CrossOver-
#5996	REDUCE cov: 126 ft: 539 corp: 60/3189b lim: 316 exec/s: 0 rss: 98Mb L: 66/258 MS: 1 EraseBytes-
#6425	REDUCE cov: 126 ft: 539 corp: 60/3187b lim: 316 exec/s: 0 rss: 102Mb L: 64/258 MS: 4 ChangeByte-ChangeBit-CopyPart-EraseBytes-
#7963	REDUCE cov: 126 ft: 539 corp: 60/3180b lim: 324 exec/s: 0 rss: 117Mb L: 57/258 MS: 3 EraseBytes-InsertByte-CopyPart-
#8141	REDUCE cov: 126 ft: 539 corp: 60/3166b lim: 324 exec/s: 0 rss: 119Mb L: 43/258 MS: 3 ShuffleBytes-ChangeByte-EraseBytes-
#9093	REDUCE cov: 126 ft: 539 corp: 60/3158b lim: 332 exec/s: 0 rss: 128Mb L: 35/258 MS: 2 ChangeBit-EraseBytes-
#14558	REDUCE cov: 126 ft: 539 corp: 60/3148b lim: 380 exec/s: 0 rss: 180Mb L: 25/258 MS: 5 InsertByte-ChangeByte-ChangeBit-InsertByte-EraseBytes-
#18150	REDUCE cov: 126 ft: 539 corp: 60/3146b lim: 412 exec/s: 0 rss: 215Mb L: 23/258 MS: 2 InsertByte-EraseBytes-
#22356	REDUCE cov: 126 ft: 539 corp: 60/3140b lim: 452 exec/s: 22356 rss: 258Mb L: 17/258 MS: 2 ShuffleBytes-EraseBytes-
#26077	REDUCE cov: 126 ft: 539 corp: 60/3138b lim: 484 exec/s: 26077 rss: 292Mb L: 15/258 MS: 1 EraseBytes-
#26088	REDUCE cov: 126 ft: 539 corp: 60/3137b lim: 484 exec/s: 26088 rss: 293Mb L: 14/258 MS: 1 EraseBytes-
#38091	REDUCE cov: 126 ft: 539 corp: 60/3131b lim: 597 exec/s: 38091 rss: 413Mb L: 8/258 MS: 3 ShuffleBytes-InsertByte-EraseBytes-
#39485	REDUCE cov: 126 ft: 539 corp: 60/3130b lim: 606 exec/s: 19742 rss: 428Mb L: 7/258 MS: 4 CopyPart-ChangeByte-InsertByte-EraseBytes-
#45171	REDUCE cov: 126 ft: 539 corp: 60/3129b lim: 660 exec/s: 22585 rss: 484Mb L: 6/258 MS: 1 EraseBytes-
#48434	REDUCE cov: 126 ft: 539 corp: 60/3127b lim: 687 exec/s: 24217 rss: 518Mb L: 4/258 MS: 3 ChangeByte-ShuffleBytes-EraseBytes-
#65536	pulse  cov: 126 ft: 539 corp: 60/3127b lim: 849 exec/s: 21845 rss: 604Mb
#131072	pulse  cov: 126 ft: 539 corp: 60/3127b lim: 1509 exec/s: 21845 rss: 606Mb
#262144	pulse  cov: 126 ft: 539 corp: 60/3127b lim: 2808 exec/s: 18724 rss: 606Mb
#416326	REDUCE cov: 126 ft: 539 corp: 60/3126b lim: 4096 exec/s: 18923 rss: 606Mb L: 64/258 MS: 2 EraseBytes-CMP- DE: "\377\377\377\377"-
#524288	pulse  cov: 126 ft: 539 corp: 60/3126b lim: 4096 exec/s: 19418 rss: 606Mb
#1048576	pulse  cov: 126 ft: 539 corp: 60/3126b lim: 4096 exec/s: 19418 rss: 606Mb
#2097152	pulse  cov: 126 ft: 539 corp: 60/3126b lim: 4096 exec/s: 19418 rss: 606Mb
#2837254	REDUCE cov: 126 ft: 539 corp: 60/3124b lim: 4096 exec/s: 19567 rss: 606Mb L: 256/258 MS: 2 ShuffleBytes-EraseBytes-
#3685847	REDUCE cov: 126 ft: 539 corp: 60/3122b lim: 4096 exec/s: 19605 rss: 606Mb L: 256/258 MS: 3 ShuffleBytes-ShuffleBytes-EraseBytes-
#4194304	pulse  cov: 126 ft: 539 corp: 60/3122b lim: 4096 exec/s: 19599 rss: 606Mb
#8388608	pulse  cov: 126 ft: 539 corp: 60/3122b lim: 4096 exec/s: 19737 rss: 606Mb
#16777216	pulse  cov: 126 ft: 539 corp: 60/3122b lim: 4096 exec/s: 19531 rss: 607Mb
#17576677	DONE   cov: 126 ft: 539 corp: 60/3122b lim: 4096 exec/s: 19507 rss: 607Mb
###### Recommended dictionary. ######
"\377\377\377\377" # Uses: 1615107
###### End of recommended dictionary. ######
Done 17576677 runs in 901 second(s)
stat::number_of_executed_units: 17576677
stat::average_exec_per_sec:     19507
stat::new_units_added:          22
stat::slowest_unit_time_sec:    0
stat::peak_rss_mb:              607
