== phase 1: build both snapshots (uncapped) ==
   Compiling proc-macro2 v1.0.107
   Compiling unicode-ident v1.0.24
   Compiling quote v1.0.47
   Compiling libc v0.2.189
   Compiling cfg-if v1.0.4
   Compiling typenum v1.20.1
   Compiling pin-project-lite v0.2.17
   Compiling bytes v1.12.1
   Compiling find-msvc-tools v0.1.11
   Compiling shlex v2.0.1
   Compiling stable_deref_trait v1.2.1
   Compiling itoa v1.0.18
   Compiling memchr v2.8.3
   Compiling smallvec v1.15.2
   Compiling foldhash v0.2.0
   Compiling serde_core v1.0.229
   Compiling allocator-api2 v0.2.21
   Compiling cc v1.4.3
   Compiling equivalent v1.0.2
   Compiling zmij v1.0.23
   Compiling serde_json v1.0.151
   Compiling serde v1.0.229
   Compiling version_check v0.9.5
   Compiling writeable v0.6.4
   Compiling litemap v0.8.3
   Compiling hashbrown v0.17.1
   Compiling generic-array v0.14.7
   Compiling icu_properties_data v2.3.0
   Compiling utf8_iter v1.0.4
   Compiling once_cell v1.21.4
   Compiling futures-core v0.3.34
   Compiling icu_normalizer_data v2.3.0
   Compiling hybrid-array v0.4.14
   Compiling futures-sink v0.3.34
   Compiling cmov v0.5.4
   Compiling zeroize v1.9.0
   Compiling siphasher v1.0.3
   Compiling syn v3.0.3
   Compiling syn v2.0.119
   Compiling ctutils v0.4.2
   Compiling const-oid v0.10.2
   Compiling percent-encoding v2.3.2
   Compiling indexmap v2.14.0
   Compiling errno v0.3.14
   Compiling socket2 v0.6.5
   Compiling mio v1.2.2
   Compiling block-buffer v0.12.1
   Compiling signal-hook-registry v1.4.8
   Compiling crypto-common v0.2.2
   Compiling getrandom v0.2.17
   Compiling block-buffer v0.10.4
   Compiling crypto-common v0.1.7
   Compiling tinyvec_macros v0.1.1
   Compiling getrandom v0.4.3
   Compiling rand_core v0.10.1
   Compiling cpufeatures v0.3.1
   Compiling rquickjs-sys v0.12.2
   Compiling ring v0.17.14
   Compiling tinyvec v1.12.0
   Compiling digest v0.10.7
   Compiling futures-channel v0.3.34
   Compiling autocfg v1.5.1
   Compiling thiserror v2.0.20
   Compiling semver v1.0.28
   Compiling cpufeatures v0.2.17
   Compiling subtle v2.6.1
   Compiling futures-task v0.3.34
   Compiling unicode-normalization v0.1.25
   Compiling rustc_version v0.4.1
   Compiling digest v0.11.3
   Compiling futures-util v0.3.34
   Compiling num-traits v0.2.19
   Compiling chacha20 v0.10.2
   Compiling form_urlencoded v1.2.2
   Compiling http v1.5.0
   Compiling parking_lot_core v0.9.12
   Compiling httparse v1.10.1
   Compiling unicode-properties v0.1.4
   Compiling unicode-bidi v0.3.18
   Compiling winnow v1.0.4
   Compiling rand v0.10.2
   Compiling curve25519-dalek v4.1.3
   Compiling hmac v0.13.0
   Compiling sha2 v0.11.0
   Compiling md-5 v0.11.0
   Compiling sha2 v0.10.9
   Compiling http-body v1.1.0
   Compiling stringprep v0.1.5
   Compiling rustls-pki-types v1.15.1
   Compiling aho-corasick v1.1.5
   Compiling event-listener v5.4.2
   Compiling toml_parser v1.1.3+spec-1.1.0
   Compiling regex-syntax v0.8.11
   Compiling toml_datetime v1.1.1+spec-1.1.0
   Compiling scopeguard v1.2.0
   Compiling fallible-iterator v0.2.0
   Compiling base64 v0.22.1
   Compiling byteorder v1.5.0
   Compiling untrusted v0.9.0
   Compiling try-lock v0.2.5
   Compiling toml_edit v0.25.13+spec-1.1.0
   Compiling synstructure v0.13.2
   Compiling postgres-protocol v0.6.12
   Compiling want v0.3.1
   Compiling lock_api v0.4.14
   Compiling phf_shared v0.14.0
   Compiling event-listener-strategy v0.5.4
   Compiling phf_shared v0.13.1
   Compiling tracing-core v0.1.36
   Compiling httpdate v1.0.3
   Compiling relative-path v2.0.1
   Compiling rustls v0.23.43
   Compiling zerovec-derive v0.11.4
   Compiling displaydoc v0.2.7
   Compiling serde_derive v1.0.229
   Compiling tokio-macros v2.7.2
   Compiling thiserror-impl v2.0.20
   Compiling regex-automata v0.4.18
   Compiling zerofrom-derive v0.1.7
   Compiling yoke-derive v0.8.2
   Compiling tokio v1.53.1
   Compiling curve25519-dalek-derive v0.1.1
   Compiling dlopen2_derive v0.4.3
   Compiling radium v0.7.0
   Compiling signature v2.2.0
   Compiling zerofrom v0.1.8
   Compiling iana-time-zone v0.1.65
   Compiling utf8parse v0.2.2
   Compiling atomic-waker v1.1.2
   Compiling yoke v0.8.3
   Compiling unicode-segmentation v1.13.3
   Compiling fastrand v2.5.0
   Compiling phf_generator v0.14.0
   Compiling zerovec v0.11.7
   Compiling zerotrie v0.2.5
   Compiling dlopen2 v0.8.2
   Compiling chrono v0.4.45
   Compiling convert_case v0.11.0
   Compiling anstyle-parse v1.0.0
   Compiling ed25519 v2.2.3
   Compiling tracing v0.1.44
   Compiling async-trait v0.1.92
   Compiling tinystr v0.8.4
   Compiling potential_utf v0.1.6
   Compiling phf v0.13.1
   Compiling icu_locale_core v2.3.0
   Compiling icu_collections v2.3.0
   Compiling phf v0.14.0
   Compiling parking_lot v0.12.5
   Compiling regex v1.13.1
   Compiling proc-macro-crate v3.5.0
   Compiling q-runtime-model v0.1.0 (/work/old/crates/q-runtime-model)
   Compiling postgres-types v0.2.14
   Compiling async-lock v3.4.2
   Compiling whoami v2.1.3
   Compiling icu_provider v2.3.0
   Compiling icu_normalizer v2.3.0
   Compiling icu_properties v2.3.0
   Compiling ident_case v1.0.1
   Compiling is_terminal_polyfill v1.70.2
   Compiling fnv v1.0.7
   Compiling tower-service v0.3.3
   Compiling colorchoice v1.0.5
   Compiling either v1.17.0
   Compiling log v0.4.33
   Compiling tap v1.0.1
   Compiling anstyle v1.0.14
   Compiling anstyle-query v1.1.5
   Compiling wyz v0.5.1
   Compiling q-schema-runtime v0.1.0 (/work/old/crates/q-schema-runtime)
   Compiling anstream v1.0.0
   Compiling ed25519-dalek v2.2.0
   Compiling memmap2 v0.9.11
   Compiling uuid v1.24.1
   Compiling vsimd v0.8.0
   Compiling outref v0.5.2
   Compiling funty v2.0.0
   Compiling clap_lex v1.1.0
   Compiling strsim v0.11.1
   Compiling heck v0.5.0
   Compiling idna_adapter v1.2.2
   Compiling clap_derive v4.6.4
   Compiling idna v1.1.0
   Compiling bitvec v1.1.1
   Compiling base64-simd v0.8.0
   Compiling clap_builder v4.6.6
   Compiling url v2.5.8
   Compiling rustls-webpki v0.103.15
   Compiling q-capabilities v0.1.0 (/work/old/crates/q-capabilities)
   Compiling hyper v1.11.0
   Compiling tokio-util v0.7.19
   Compiling q-engine v0.1.0 (/work/old/crates/q-engine)
   Compiling q-bridge v0.1.0 (/work/old/crates/q-bridge)
   Compiling debugid v0.8.0
   Compiling tokio-postgres v0.7.18
   Compiling webpki-roots v1.0.9
   Compiling http-body-util v0.1.5
   Compiling data-encoding v2.11.1
   Compiling q-pack v0.1.0 (/work/old/crates/q-pack)
   Compiling if_chain v1.0.3
   Compiling unicode-id-start v1.4.0
   Compiling rustc-hash v2.1.3
   Compiling sourcemap v9.3.2
   Compiling clap v4.6.6
   Compiling hyper-util v0.1.20
   Compiling q-http v0.1.0 (/work/old/crates/q-http)
   Compiling q-capability-postgres v0.1.0 (/work/old/crates/q-capability-postgres)
   Compiling q-router v0.1.0 (/work/old/crates/q-router)
   Compiling tokio-rustls v0.26.4
   Compiling hyper-rustls v0.27.9
   Compiling rquickjs-core v0.12.2
   Compiling rquickjs-macro v0.12.2
   Compiling rquickjs v0.12.2
   Compiling q-engine-quickjs v0.1.0 (/work/old/crates/q-engine-quickjs)
   Compiling velqu-runtime v0.1.0 (/work/old/crates/q-runtime)
    Finished `release` profile [optimized] target(s) in 1m 20s
bun install v1.4.0 (34cbb9a40)

+ @types/bun@1.3.4
+ typescript@5.9.3

6 packages installed [164.00ms]
   Compiling proc-macro2 v1.0.107
   Compiling quote v1.0.47
   Compiling unicode-ident v1.0.24
   Compiling libc v0.2.189
   Compiling cfg-if v1.0.4
   Compiling typenum v1.20.1
   Compiling pin-project-lite v0.2.17
   Compiling bytes v1.12.1
   Compiling find-msvc-tools v0.1.11
   Compiling shlex v2.0.1
   Compiling stable_deref_trait v1.2.1
   Compiling memchr v2.8.3
   Compiling itoa v1.0.18
   Compiling smallvec v1.15.2
   Compiling allocator-api2 v0.2.21
   Compiling serde_core v1.0.229
   Compiling cc v1.4.3
   Compiling equivalent v1.0.2
   Compiling foldhash v0.2.0
   Compiling zmij v1.0.23
   Compiling serde v1.0.229
   Compiling serde_json v1.0.151
   Compiling hashbrown v0.17.1
   Compiling version_check v0.9.5
   Compiling writeable v0.6.4
   Compiling litemap v0.8.3
   Compiling generic-array v0.14.7
   Compiling utf8_iter v1.0.4
   Compiling once_cell v1.21.4
   Compiling icu_normalizer_data v2.3.0
   Compiling futures-core v0.3.34
   Compiling hybrid-array v0.4.14
   Compiling icu_properties_data v2.3.0
   Compiling cmov v0.5.4
   Compiling zeroize v1.9.0
   Compiling futures-sink v0.3.34
   Compiling percent-encoding v2.3.2
   Compiling const-oid v0.10.2
   Compiling siphasher v1.0.3
   Compiling ctutils v0.4.2
   Compiling syn v3.0.3
   Compiling syn v2.0.119
   Compiling indexmap v2.14.0
   Compiling errno v0.3.14
   Compiling mio v1.2.2
   Compiling socket2 v0.6.5
   Compiling block-buffer v0.12.1
   Compiling crypto-common v0.2.2
   Compiling signal-hook-registry v1.4.8
   Compiling getrandom v0.2.17
   Compiling rand_core v0.10.1
   Compiling crypto-common v0.1.7
   Compiling block-buffer v0.10.4
   Compiling tinyvec_macros v0.1.1
   Compiling getrandom v0.4.3
   Compiling cpufeatures v0.3.1
   Compiling tinyvec v1.12.0
   Compiling digest v0.10.7
   Compiling futures-channel v0.3.34
   Compiling rquickjs-sys v0.12.2
   Compiling ring v0.17.14
   Compiling thiserror v2.0.20
   Compiling autocfg v1.5.1
   Compiling semver v1.0.28
   Compiling cpufeatures v0.2.17
   Compiling digest v0.11.3
   Compiling futures-task v0.3.34
   Compiling subtle v2.6.1
   Compiling futures-util v0.3.34
   Compiling unicode-normalization v0.1.25
   Compiling rustc_version v0.4.1
   Compiling chacha20 v0.10.2
   Compiling num-traits v0.2.19
   Compiling form_urlencoded v1.2.2
   Compiling http v1.5.0
   Compiling parking_lot_core v0.9.12
   Compiling unicode-properties v0.1.4
   Compiling httparse v1.10.1
   Compiling winnow v1.0.4
   Compiling unicode-bidi v0.3.18
   Compiling rand v0.10.2
   Compiling curve25519-dalek v4.1.3
   Compiling hmac v0.13.0
   Compiling sha2 v0.11.0
   Compiling md-5 v0.11.0
   Compiling stringprep v0.1.5
   Compiling http-body v1.1.0
   Compiling sha2 v0.10.9
   Compiling rustls-pki-types v1.15.1
   Compiling toml_parser v1.1.3+spec-1.1.0
   Compiling aho-corasick v1.1.5
   Compiling event-listener v5.4.2
   Compiling try-lock v0.2.5
   Compiling toml_datetime v1.1.1+spec-1.1.0
   Compiling byteorder v1.5.0
   Compiling base64 v0.22.1
   Compiling regex-syntax v0.8.11
   Compiling untrusted v0.9.0
   Compiling scopeguard v1.2.0
   Compiling fallible-iterator v0.2.0
   Compiling lock_api v0.4.14
   Compiling phf_shared v0.14.0
   Compiling toml_edit v0.25.13+spec-1.1.0
   Compiling synstructure v0.13.2
   Compiling want v0.3.1
   Compiling postgres-protocol v0.6.12
   Compiling event-listener-strategy v0.5.4
   Compiling phf_shared v0.13.1
   Compiling zerovec-derive v0.11.4
   Compiling displaydoc v0.2.7
   Compiling tokio-macros v2.7.2
   Compiling serde_derive v1.0.229
   Compiling thiserror-impl v2.0.20
   Compiling tracing-core v0.1.36
   Compiling tokio v1.53.1
   Compiling zerofrom-derive v0.1.7
   Compiling yoke-derive v0.8.2
   Compiling regex-automata v0.4.18
   Compiling dlopen2_derive v0.4.3
   Compiling curve25519-dalek-derive v0.1.1
   Compiling fastrand v2.5.0
   Compiling httpdate v1.0.3
   Compiling iana-time-zone v0.1.65
   Compiling atomic-waker v1.1.2
   Compiling zerofrom v0.1.8
   Compiling radium v0.7.0
   Compiling utf8parse v0.2.2
   Compiling unicode-segmentation v1.13.3
   Compiling yoke v0.8.3
   Compiling signature v2.2.0
   Compiling relative-path v2.0.1
   Compiling rustls v0.23.43
   Compiling zerovec v0.11.7
   Compiling zerotrie v0.2.5
   Compiling ed25519 v2.2.3
   Compiling anstyle-parse v1.0.0
   Compiling convert_case v0.11.0
   Compiling chrono v0.4.45
   Compiling phf_generator v0.14.0
   Compiling dlopen2 v0.8.2
   Compiling tracing v0.1.44
   Compiling tinystr v0.8.4
   Compiling potential_utf v0.1.6
   Compiling icu_collections v2.3.0
   Compiling icu_locale_core v2.3.0
   Compiling phf v0.14.0
   Compiling phf v0.13.1
   Compiling q-runtime-model v0.1.0 (/work/new/crates/q-runtime-model)
   Compiling async-trait v0.1.92
   Compiling postgres-types v0.2.14
   Compiling regex v1.13.1
   Compiling parking_lot v0.12.5
   Compiling proc-macro-crate v3.5.0
   Compiling async-lock v3.4.2
   Compiling icu_provider v2.3.0
   Compiling whoami v2.1.3
   Compiling anstyle-query v1.1.5
   Compiling anstyle v1.0.14
   Compiling ident_case v1.0.1
   Compiling colorchoice v1.0.5
   Compiling is_terminal_polyfill v1.70.2
   Compiling either v1.17.0
   Compiling tap v1.0.1
   Compiling icu_normalizer v2.3.0
   Compiling icu_properties v2.3.0
   Compiling tower-service v0.3.3
   Compiling log v0.4.33
   Compiling fnv v1.0.7
   Compiling wyz v0.5.1
   Compiling anstream v1.0.0
   Compiling q-schema-runtime v0.1.0 (/work/new/crates/q-schema-runtime)
   Compiling ed25519-dalek v2.2.0
   Compiling memmap2 v0.9.11
   Compiling outref v0.5.2
   Compiling vsimd v0.8.0
   Compiling clap_lex v1.1.0
   Compiling uuid v1.24.1
   Compiling heck v0.5.0
   Compiling strsim v0.11.1
   Compiling funty v2.0.0
   Compiling idna_adapter v1.2.2
   Compiling clap_derive v4.6.4
   Compiling tokio-util v0.7.19
   Compiling idna v1.1.0
   Compiling hyper v1.11.0
   Compiling url v2.5.8
   Compiling rustls-webpki v0.103.15
   Compiling tokio-postgres v0.7.18
   Compiling q-capabilities v0.1.0 (/work/new/crates/q-capabilities)
   Compiling hyper-util v0.1.20
   Compiling q-engine v0.1.0 (/work/new/crates/q-engine)
   Compiling bitvec v1.1.1
   Compiling q-bridge v0.1.0 (/work/new/crates/q-bridge)
   Compiling clap_builder v4.6.6
   Compiling base64-simd v0.8.0
   Compiling q-pack v0.1.0 (/work/new/crates/q-pack)
   Compiling debugid v0.8.0
   Compiling webpki-roots v1.0.9
   Compiling http-body-util v0.1.5
   Compiling data-encoding v2.11.1
   Compiling rustc-hash v2.1.3
   Compiling q-capability-postgres v0.1.0 (/work/new/crates/q-capability-postgres)
   Compiling if_chain v1.0.3
   Compiling unicode-id-start v1.4.0
   Compiling q-http v0.1.0 (/work/new/crates/q-http)
   Compiling clap v4.6.6
   Compiling q-router v0.1.0 (/work/new/crates/q-router)
   Compiling sourcemap v9.3.2
   Compiling tokio-rustls v0.26.4
   Compiling hyper-rustls v0.27.9
   Compiling rquickjs-core v0.12.2
   Compiling rquickjs-macro v0.12.2
   Compiling rquickjs v0.12.2
   Compiling q-engine-quickjs v0.1.0 (/work/new/crates/q-engine-quickjs)
   Compiling velqu-runtime v0.1.0 (/work/new/crates/q-runtime)
    Finished `release` profile [optimized] target(s) in 1m 24s
velqu build [serverless]: 24 routes → examples/proof/dist in 790ms
  app.qpack  75023B
  route-manifest.json  12422B
  schema-manifest.json  17112B
  capability-manifest.json  1242B
  contract.json  24781B
  contract.d.ts  5865B
  contract.meta.json  3742B
  openapi.json  34053B
  contract.lock.json  24761B
  build-report.json  41605B
  app.qpack.sources.json  107955B
  published-manifest.json  965B
47c7d784e32228ea9cd973709d6f1ce20cc5536ab4941e8779571bb70d34e348  /work/bin/velqu-runtime-old
959550f69cd3bf30cedff32b583c4a1361560451947a9ae1e58b992953318b98  /work/bin/velqu-runtime-new
9ca122bd5e448c7cfd643dc96e4587db551fff84858fabb2b2037787bf1c2f28  /work/pack/app.qpack
build done: 47c7d784e32228ea / 959550f69cd3bf30
== phase 2: matched measurement (cpus=2) run-id=c3x-local-20260918T162021Z ==
rep1 pos0 pre-c3-request-store c=1: 7700 req/s p50=99.8us p95=309.8us errors=0
rep1 pos1 c3-slotless-prevalidated c=1: 9051 req/s p50=86.9us p95=265.7us errors=0
rep1 pos0 pre-c3-request-store c=10: 12524 req/s p50=355.8us p95=865.7us errors=0
rep1 pos1 c3-slotless-prevalidated c=10: 16985 req/s p50=216.2us p95=618.9us errors=0
rep1 pos0 pre-c3-request-store c=50: 16759 req/s p50=1160.3us p95=3717.2us errors=0
rep1 pos1 c3-slotless-prevalidated c=50: 20694 req/s p50=969.8us p95=3033.6us errors=0
rep2 pos0 c3-slotless-prevalidated c=1: 8965 req/s p50=90.6us p95=252.9us errors=0
rep2 pos1 pre-c3-request-store c=1: 6209 req/s p50=117.1us p95=369us errors=0
rep2 pos0 c3-slotless-prevalidated c=10: 18314 req/s p50=199us p95=601.7us errors=0
rep2 pos1 pre-c3-request-store c=10: 14668 req/s p50=252.8us p95=779.7us errors=0
rep2 pos0 c3-slotless-prevalidated c=50: 20109 req/s p50=1031.9us p95=3038.5us errors=0
rep2 pos1 pre-c3-request-store c=50: 13326 req/s p50=1495.4us p95=4288.4us errors=0
rep3 pos0 pre-c3-request-store c=1: 6518 req/s p50=117.9us p95=363.8us errors=0
rep3 pos1 c3-slotless-prevalidated c=1: 7513 req/s p50=105.2us p95=313.7us errors=0
rep3 pos0 pre-c3-request-store c=10: 14117 req/s p50=266.8us p95=802.8us errors=0
rep3 pos1 c3-slotless-prevalidated c=10: 15851 req/s p50=245.7us p95=695us errors=0
rep3 pos0 pre-c3-request-store c=50: 16534 req/s p50=1076.6us p95=3878.6us errors=0
rep3 pos1 c3-slotless-prevalidated c=50: 18605 req/s p50=1034.7us p95=3137.8us errors=0
rep4 pos0 c3-slotless-prevalidated c=1: 7817 req/s p50=93.4us p95=288us errors=0
rep4 pos1 pre-c3-request-store c=1: 8137 req/s p50=94.2us p95=310.9us errors=0
rep4 pos0 c3-slotless-prevalidated c=10: 16247 req/s p50=229.4us p95=651.8us errors=0
rep4 pos1 pre-c3-request-store c=10: 14367 req/s p50=240.8us p95=794.5us errors=0
rep4 pos0 c3-slotless-prevalidated c=50: 17289 req/s p50=1205us p95=3219.7us errors=0
rep4 pos1 pre-c3-request-store c=50: 15570 req/s p50=1218.2us p95=3768.5us errors=0
rep5 pos0 pre-c3-request-store c=1: 6470 req/s p50=113.3us p95=398.1us errors=0
rep5 pos1 c3-slotless-prevalidated c=1: 8503 req/s p50=91.7us p95=286.9us errors=0
rep5 pos0 pre-c3-request-store c=10: 14310 req/s p50=257.6us p95=795.2us errors=0
rep5 pos1 c3-slotless-prevalidated c=10: 17925 req/s p50=188.5us p95=611.5us errors=0
rep5 pos0 pre-c3-request-store c=50: 14570 req/s p50=1328.5us p95=3907.7us errors=0
rep5 pos1 c3-slotless-prevalidated c=50: 18879 req/s p50=1039.7us p95=3126.2us errors=0
rep6 pos0 c3-slotless-prevalidated c=1: 9228 req/s p50=84.3us p95=263.4us errors=0
rep6 pos1 pre-c3-request-store c=1: 7702 req/s p50=99.3us p95=327.1us errors=0
rep6 pos0 c3-slotless-prevalidated c=10: 20940 req/s p50=176us p95=581.5us errors=0
rep6 pos1 pre-c3-request-store c=10: 17853 req/s p50=188.6us p95=719.2us errors=0
rep6 pos0 c3-slotless-prevalidated c=50: 20868 req/s p50=921.7us p95=3004.9us errors=0
rep6 pos1 pre-c3-request-store c=50: 17625 req/s p50=1010.2us p95=3785.2us errors=0
rep7 pos0 pre-c3-request-store c=1: 7468 req/s p50=101.3us p95=347.7us errors=0
rep7 pos1 c3-slotless-prevalidated c=1: 9342 req/s p50=84.6us p95=260.2us errors=0
rep7 pos0 pre-c3-request-store c=10: 14351 req/s p50=244.8us p95=832.7us errors=0
rep7 pos1 c3-slotless-prevalidated c=10: 17890 req/s p50=203.2us p95=691.1us errors=0
rep7 pos0 pre-c3-request-store c=50: 16753 req/s p50=1115.8us p95=3704.9us errors=0
rep7 pos1 c3-slotless-prevalidated c=50: 18084 req/s p50=1126.7us p95=3134.3us errors=0
rep8 pos0 c3-slotless-prevalidated c=1: 9362 req/s p50=85.7us p95=256.2us errors=0
rep8 pos1 pre-c3-request-store c=1: 8194 req/s p50=94.3us p95=303.6us errors=0
rep8 pos0 c3-slotless-prevalidated c=10: 17445 req/s p50=228.7us p95=636.8us errors=0
rep8 pos1 pre-c3-request-store c=10: 13979 req/s p50=261.3us p95=906.4us errors=0
rep8 pos0 c3-slotless-prevalidated c=50: 18276 req/s p50=1075.4us p95=3115.6us errors=0
rep8 pos1 pre-c3-request-store c=50: 15267 req/s p50=1322.1us p95=3941.2us errors=0
rep9 pos0 pre-c3-request-store c=1: 8591 req/s p50=91.3us p95=298.8us errors=0
rep9 pos1 c3-slotless-prevalidated c=1: 8763 req/s p50=87.6us p95=289.4us errors=0
rep9 pos0 pre-c3-request-store c=10: 14210 req/s p50=253.9us p95=883.4us errors=0
rep9 pos1 c3-slotless-prevalidated c=10: 15914 req/s p50=235.8us p95=659.8us errors=0
rep9 pos0 pre-c3-request-store c=50: 16127 req/s p50=1169.3us p95=3926.7us errors=0
rep9 pos1 c3-slotless-prevalidated c=50: 19724 req/s p50=941.1us p95=2995.9us errors=0
rep10 pos0 c3-slotless-prevalidated c=1: 9608 req/s p50=84.4us p95=249.8us errors=0
rep10 pos1 pre-c3-request-store c=1: 7432 req/s p50=101.9us p95=333.4us errors=0
rep10 pos0 c3-slotless-prevalidated c=10: 18070 req/s p50=188.8us p95=651us errors=0
rep10 pos1 pre-c3-request-store c=10: 17453 req/s p50=219us p95=740.7us errors=0
rep10 pos0 c3-slotless-prevalidated c=50: 22988 req/s p50=907.2us p95=2930.6us errors=0
rep10 pos1 pre-c3-request-store c=50: 17132 req/s p50=1167.4us p95=3992.3us errors=0
wrote /work/out/c3x-local-20260918T162021Z.jsonl
AGG pre-c3-request-store c=1: median 7584 req/s p50=100.6us p95=330.3us errors=0
AGG pre-c3-request-store c=10: median 14331 req/s p50=253.4us p95=799us errors=0
AGG pre-c3-request-store c=50: median 16331 req/s p50=1168.4us p95=3893.2us errors=0
AGG c3-slotless-prevalidated c=1: median 9008 req/s p50=87.3us p95=264.5us errors=0
AGG c3-slotless-prevalidated c=10: median 17668 req/s p50=209.7us p95=643.9us errors=0
AGG c3-slotless-prevalidated c=50: median 19302 req/s p50=1033.3us p95=3077.1us errors=0
PAIRED c=1: median ratio 1.1868 (n=10, min 0.9607, max 1.4439)
PAIRED c=10: median ratio 1.2098 (n=10, min 1.0354, max 1.3562)
PAIRED c=50: median ratio 1.2101 (n=10, min 1.0794, max 1.509)
