rep1 pos0 pre-c3-request-store c=1: 14212 req/s p50=65.1us p95=118us errors=0
rep1 pos1 c3-slotless-prevalidated c=1: 15410 req/s p50=65.7us p95=113.9us errors=0
rep1 pos0 pre-c3-request-store c=10: 24003 req/s p50=176.6us p95=458.6us errors=0
rep1 pos1 c3-slotless-prevalidated c=10: 23921 req/s p50=169.8us p95=411.6us errors=0
rep1 pos0 pre-c3-request-store c=50: 24063 req/s p50=896.3us p95=2101.8us errors=0
rep1 pos1 c3-slotless-prevalidated c=50: 20179 req/s p50=1072.8us p95=2889.6us errors=0
rep2 pos0 c3-slotless-prevalidated c=1: 11639 req/s p50=80.7us p95=141us errors=0
rep2 pos1 pre-c3-request-store c=1: 9601 req/s p50=87.3us p95=217.4us errors=0
rep2 pos0 c3-slotless-prevalidated c=10: 25646 req/s p50=158.5us p95=373.2us errors=0
rep2 pos1 pre-c3-request-store c=10: 17393 req/s p50=239.4us p95=702.5us errors=0
rep2 pos0 c3-slotless-prevalidated c=50: 25729 req/s p50=887us p95=2161.5us errors=0
rep2 pos1 pre-c3-request-store c=50: 27126 req/s p50=812us p95=1959.3us errors=0
rep3 pos0 pre-c3-request-store c=1: 13390 req/s p50=72us p95=138.2us errors=0
rep3 pos1 c3-slotless-prevalidated c=1: 12235 req/s p50=76.3us p95=140.7us errors=0
rep3 pos0 pre-c3-request-store c=10: 22338 req/s p50=185.9us p95=438.4us errors=0
rep3 pos1 c3-slotless-prevalidated c=10: 22111 req/s p50=178.6us p95=545.8us errors=0
rep3 pos0 pre-c3-request-store c=50: 20380 req/s p50=990.2us p95=2856.1us errors=0
rep3 pos1 c3-slotless-prevalidated c=50: 25421 req/s p50=885.5us p95=2712.1us errors=0
rep4 pos0 c3-slotless-prevalidated c=1: 9576 req/s p50=88.6us p95=216.6us errors=0
rep4 pos1 pre-c3-request-store c=1: 9677 req/s p50=90.9us p95=196.6us errors=0
rep4 pos0 c3-slotless-prevalidated c=10: 22212 req/s p50=177.1us p95=549.6us errors=0
rep4 pos1 pre-c3-request-store c=10: 15431 req/s p50=283.3us p95=688us errors=0
rep4 pos0 c3-slotless-prevalidated c=50: 16497 req/s p50=1443.2us p95=3085.7us errors=0
rep4 pos1 pre-c3-request-store c=50: 14893 req/s p50=1652.2us p95=3207.3us errors=0
rep5 pos0 pre-c3-request-store c=1: 10193 req/s p50=86.1us p95=186.9us errors=0
rep5 pos1 c3-slotless-prevalidated c=1: 10910 req/s p50=81.8us p95=171us errors=0
rep5 pos0 pre-c3-request-store c=10: 21714 req/s p50=176.6us p95=552.9us errors=0
rep5 pos1 c3-slotless-prevalidated c=10: 17939 req/s p50=220.1us p95=653.7us errors=0
rep5 pos0 pre-c3-request-store c=50: 20449 req/s p50=982.6us p95=2987.1us errors=0
rep5 pos1 c3-slotless-prevalidated c=50: 31136 req/s p50=866.5us p95=1982.5us errors=0
rep6 pos0 c3-slotless-prevalidated c=1: 9535 req/s p50=92us p95=191.6us errors=0
rep6 pos1 pre-c3-request-store c=1: 10866 req/s p50=83.3us p95=162.3us errors=0
rep6 pos0 c3-slotless-prevalidated c=10: 19568 req/s p50=191.5us p95=611.5us errors=0
rep6 pos1 pre-c3-request-store c=10: 23685 req/s p50=173.5us p95=518.3us errors=0
rep6 pos0 c3-slotless-prevalidated c=50: 21545 req/s p50=935.1us p95=2946.3us errors=0
rep6 pos1 pre-c3-request-store c=50: 21639 req/s p50=954.2us p95=2926.9us errors=0
rep7 pos0 pre-c3-request-store c=1: 14262 req/s p50=68.7us p95=125.1us errors=0
rep7 pos1 c3-slotless-prevalidated c=1: 13357 req/s p50=73.2us p95=129.6us errors=0
rep7 pos0 pre-c3-request-store c=10: 26854 req/s p50=153us p95=342.4us errors=0
rep7 pos1 c3-slotless-prevalidated c=10: 26560 req/s p50=156.1us p95=345.4us errors=0
rep7 pos0 pre-c3-request-store c=50: 25193 req/s p50=865.6us p95=1904us errors=0
rep7 pos1 c3-slotless-prevalidated c=50: 27175 req/s p50=843.8us p95=1921.7us errors=0
rep8 pos0 c3-slotless-prevalidated c=1: 12272 req/s p50=77.3us p95=128.4us errors=0
rep8 pos1 pre-c3-request-store c=1: 11911 req/s p50=79.3us p95=130.5us errors=0
rep8 pos0 c3-slotless-prevalidated c=10: 24784 req/s p50=160us p95=354.2us errors=0
rep8 pos1 pre-c3-request-store c=10: 24573 req/s p50=161.9us p95=349.2us errors=0
rep8 pos0 c3-slotless-prevalidated c=50: 27137 req/s p50=832.1us p95=1844.8us errors=0
rep8 pos1 pre-c3-request-store c=50: 26598 req/s p50=859.9us p95=1837.9us errors=0
wrote /work/out/c3x-local-20260919T070932Z.jsonl
AGG pre-c3-request-store c=1: median 11389 req/s p50=81.3us p95=150.3us errors=0
AGG pre-c3-request-store c=10: median 23012 req/s p50=176.6us p95=488.5us errors=0
AGG pre-c3-request-store c=50: median 22851 req/s p50=925.3us p95=2479us errors=0
AGG c3-slotless-prevalidated c=1: median 11937 req/s p50=79us p95=140.9us errors=0
AGG c3-slotless-prevalidated c=10: median 23067 req/s p50=173.5us p95=478.7us errors=0
AGG c3-slotless-prevalidated c=50: median 25575 req/s p50=886.3us p95=2436.8us errors=0
PAIRED c=1: median ratio 1.0099 (n=8, min 0.8775, max 1.2123)
PAIRED c=10: median ratio 0.9932 (n=8, min 0.8261, max 1.4745)
PAIRED c=50: median ratio 1.0495 (n=8, min 0.8386, max 1.5226)
